Archive member included because of file (symbol)

.\CortexM0\ARM_GCC_484\Debug\Shifting.a(cyfitter_cfg.o)
                              .\CortexM0\ARM_GCC_484\Debug\Cm0Start.o (cyfitter_cfg)
.\CortexM0\ARM_GCC_484\Debug\Shifting.a(UART_1.o)
                              .\CortexM0\ARM_GCC_484\Debug\main.o (UART_1_Start)
.\CortexM0\ARM_GCC_484\Debug\Shifting.a(UART_1_IntClock.o)
                              .\CortexM0\ARM_GCC_484\Debug\Shifting.a(UART_1.o) (UART_1_IntClock_Start)
.\CortexM0\ARM_GCC_484\Debug\Shifting.a(CyBootAsmGnu.o)
                              .\CortexM0\ARM_GCC_484\Debug\Shifting.a(cyfitter_cfg.o) (CyDelayCycles)
.\CortexM0\ARM_GCC_484\Debug\Shifting.a(CyLib.o)
                              .\CortexM0\ARM_GCC_484\Debug\Shifting.a(cyfitter_cfg.o) (CyDelayUs)
.\CortexM0\ARM_GCC_484\Debug\Shifting.a(isr_1.o)
                              .\CortexM0\ARM_GCC_484\Debug\main.o (isr_1_StartEx)
e:/program files (x86)/cypress/psoc creator/3.1/psoc creator/import/gnu_cs/arm/4.8.4/bin/../lib/gcc/arm-none-eabi/4.8.4/armv6-m\libgcc.a(_udivsi3.o)
                              .\CortexM0\ARM_GCC_484\Debug\Shifting.a(CyLib.o) (__aeabi_uidiv)
e:/program files (x86)/cypress/psoc creator/3.1/psoc creator/import/gnu_cs/arm/4.8.4/bin/../lib/gcc/arm-none-eabi/4.8.4/armv6-m\libgcc.a(_divsi3.o)
                              .\CortexM0\ARM_GCC_484\Debug\Cm0Start.o (__aeabi_idiv)
e:/program files (x86)/cypress/psoc creator/3.1/psoc creator/import/gnu_cs/arm/4.8.4/bin/../lib/gcc/arm-none-eabi/4.8.4/armv6-m\libgcc.a(_dvmd_tls.o)
                              e:/program files (x86)/cypress/psoc creator/3.1/psoc creator/import/gnu_cs/arm/4.8.4/bin/../lib/gcc/arm-none-eabi/4.8.4/armv6-m\libgcc.a(_udivsi3.o) (__aeabi_idiv0)
e:/program files (x86)/cypress/psoc creator/3.1/psoc creator/import/gnu_cs/arm/4.8.4/bin/../lib/gcc/arm-none-eabi/4.8.4/../../../../arm-none-eabi/lib/armv6-m\libg_s.a(lib_a-errno.o)
                              .\CortexM0\ARM_GCC_484\Debug\Cm0Start.o (__errno)
e:/program files (x86)/cypress/psoc creator/3.1/psoc creator/import/gnu_cs/arm/4.8.4/bin/../lib/gcc/arm-none-eabi/4.8.4/../../../../arm-none-eabi/lib/armv6-m\libg_s.a(lib_a-exit.o)
                              e:/program files (x86)/cypress/psoc creator/3.1/psoc creator/import/gnu_cs/arm/4.8.4/bin/../lib/gcc/arm-none-eabi/4.8.4/../../../../arm-none-eabi/lib/armv6-m/crt0.o (exit)
e:/program files (x86)/cypress/psoc creator/3.1/psoc creator/import/gnu_cs/arm/4.8.4/bin/../lib/gcc/arm-none-eabi/4.8.4/../../../../arm-none-eabi/lib/armv6-m\libg_s.a(lib_a-impure.o)
                              e:/program files (x86)/cypress/psoc creator/3.1/psoc creator/import/gnu_cs/arm/4.8.4/bin/../lib/gcc/arm-none-eabi/4.8.4/../../../../arm-none-eabi/lib/armv6-m\libg_s.a(lib_a-exit.o) (_global_impure_ptr)
e:/program files (x86)/cypress/psoc creator/3.1/psoc creator/import/gnu_cs/arm/4.8.4/bin/../lib/gcc/arm-none-eabi/4.8.4/../../../../arm-none-eabi/lib/armv6-m\libg_s.a(lib_a-init.o)
                              e:/program files (x86)/cypress/psoc creator/3.1/psoc creator/import/gnu_cs/arm/4.8.4/bin/../lib/gcc/arm-none-eabi/4.8.4/../../../../arm-none-eabi/lib/armv6-m/crt0.o (__libc_init_array)
e:/program files (x86)/cypress/psoc creator/3.1/psoc creator/import/gnu_cs/arm/4.8.4/bin/../lib/gcc/arm-none-eabi/4.8.4/../../../../arm-none-eabi/lib/armv6-m\libg_s.a(lib_a-memcpy-stub.o)
                              .\CortexM0\ARM_GCC_484\Debug\Shifting.a(cyfitter_cfg.o) (memcpy)
e:/program files (x86)/cypress/psoc creator/3.1/psoc creator/import/gnu_cs/arm/4.8.4/bin/../lib/gcc/arm-none-eabi/4.8.4/../../../../arm-none-eabi/lib/armv6-m\libg_s.a(lib_a-memset.o)
                              e:/program files (x86)/cypress/psoc creator/3.1/psoc creator/import/gnu_cs/arm/4.8.4/bin/../lib/gcc/arm-none-eabi/4.8.4/../../../../arm-none-eabi/lib/armv6-m/crt0.o (memset)

Allocating common symbols
Common symbol       size              file

sendData            0x10              .\CortexM0\ARM_GCC_484\Debug\main.o

Discarded input sections

 .text          0x00000000        0x0 e:/program files (x86)/cypress/psoc creator/3.1/psoc creator/import/gnu_cs/arm/4.8.4/bin/../lib/gcc/arm-none-eabi/4.8.4/armv6-m/crti.o
 .data          0x00000000        0x0 e:/program files (x86)/cypress/psoc creator/3.1/psoc creator/import/gnu_cs/arm/4.8.4/bin/../lib/gcc/arm-none-eabi/4.8.4/armv6-m/crti.o
 .bss           0x00000000        0x0 e:/program files (x86)/cypress/psoc creator/3.1/psoc creator/import/gnu_cs/arm/4.8.4/bin/../lib/gcc/arm-none-eabi/4.8.4/armv6-m/crti.o
 .data          0x00000000        0x4 e:/program files (x86)/cypress/psoc creator/3.1/psoc creator/import/gnu_cs/arm/4.8.4/bin/../lib/gcc/arm-none-eabi/4.8.4/armv6-m/crtbegin.o
 .text          0x00000000       0x78 e:/program files (x86)/cypress/psoc creator/3.1/psoc creator/import/gnu_cs/arm/4.8.4/bin/../lib/gcc/arm-none-eabi/4.8.4/../../../../arm-none-eabi/lib/armv6-m/crt0.o
 .data          0x00000000        0x0 e:/program files (x86)/cypress/psoc creator/3.1/psoc creator/import/gnu_cs/arm/4.8.4/bin/../lib/gcc/arm-none-eabi/4.8.4/../../../../arm-none-eabi/lib/armv6-m/crt0.o
 .bss           0x00000000        0x0 e:/program files (x86)/cypress/psoc creator/3.1/psoc creator/import/gnu_cs/arm/4.8.4/bin/../lib/gcc/arm-none-eabi/4.8.4/../../../../arm-none-eabi/lib/armv6-m/crt0.o
 .ARM.extab     0x00000000        0x0 e:/program files (x86)/cypress/psoc creator/3.1/psoc creator/import/gnu_cs/arm/4.8.4/bin/../lib/gcc/arm-none-eabi/4.8.4/../../../../arm-none-eabi/lib/armv6-m/crt0.o
 .ARM.exidx     0x00000000        0x8 e:/program files (x86)/cypress/psoc creator/3.1/psoc creator/import/gnu_cs/arm/4.8.4/bin/../lib/gcc/arm-none-eabi/4.8.4/../../../../arm-none-eabi/lib/armv6-m/crt0.o
 .text          0x00000000        0x0 .\CortexM0\ARM_GCC_484\Debug\main.o
 .data          0x00000000        0x0 .\CortexM0\ARM_GCC_484\Debug\main.o
 .text          0x00000000        0x0 .\CortexM0\ARM_GCC_484\Debug\cymetadata.o
 .data          0x00000000        0x0 .\CortexM0\ARM_GCC_484\Debug\cymetadata.o
 .bss           0x00000000        0x0 .\CortexM0\ARM_GCC_484\Debug\cymetadata.o
 .text          0x00000000        0x0 .\CortexM0\ARM_GCC_484\Debug\Cm0Start.o
 .data          0x00000000        0x4 .\CortexM0\ARM_GCC_484\Debug\Cm0Start.o
 .bss           0x00000000        0x0 .\CortexM0\ARM_GCC_484\Debug\Cm0Start.o
 .text._exit    0x00000000       0x28 .\CortexM0\ARM_GCC_484\Debug\Cm0Start.o
 .text._sbrk    0x00000000       0x54 .\CortexM0\ARM_GCC_484\Debug\Cm0Start.o
 .text          0x00000000        0x0 .\CortexM0\ARM_GCC_484\Debug\Shifting.a(cyfitter_cfg.o)
 .bss           0x00000000        0x0 .\CortexM0\ARM_GCC_484\Debug\Shifting.a(cyfitter_cfg.o)
 .text.CYCONFIGCPY
                0x00000000       0x24 .\CortexM0\ARM_GCC_484\Debug\Shifting.a(cyfitter_cfg.o)
 .text.CYCONFIGCPYCODE
                0x00000000       0x24 .\CortexM0\ARM_GCC_484\Debug\Shifting.a(cyfitter_cfg.o)
 .text          0x00000000        0x0 .\CortexM0\ARM_GCC_484\Debug\Shifting.a(UART_1.o)
 .data          0x00000000        0x0 .\CortexM0\ARM_GCC_484\Debug\Shifting.a(UART_1.o)
 .text.UART_1_Stop
                0x00000000       0x60 .\CortexM0\ARM_GCC_484\Debug\Shifting.a(UART_1.o)
 .text.UART_1_ReadControlRegister
                0x00000000        0xc .\CortexM0\ARM_GCC_484\Debug\Shifting.a(UART_1.o)
 .text.UART_1_WriteControlRegister
                0x00000000       0x14 .\CortexM0\ARM_GCC_484\Debug\Shifting.a(UART_1.o)
 .text.UART_1_SetRxInterruptMode
                0x00000000       0x20 .\CortexM0\ARM_GCC_484\Debug\Shifting.a(UART_1.o)
 .text.UART_1_ReadRxData
                0x00000000       0x20 .\CortexM0\ARM_GCC_484\Debug\Shifting.a(UART_1.o)
 .text.UART_1_ReadRxStatus
                0x00000000       0x24 .\CortexM0\ARM_GCC_484\Debug\Shifting.a(UART_1.o)
 .text.UART_1_GetByte
                0x00000000       0x24 .\CortexM0\ARM_GCC_484\Debug\Shifting.a(UART_1.o)
 .text.UART_1_ClearRxBuffer
                0x00000000       0x44 .\CortexM0\ARM_GCC_484\Debug\Shifting.a(UART_1.o)
 .text.UART_1_SetRxAddressMode
                0x00000000       0x14 .\CortexM0\ARM_GCC_484\Debug\Shifting.a(UART_1.o)
 .text.UART_1_SetRxAddress1
                0x00000000       0x20 .\CortexM0\ARM_GCC_484\Debug\Shifting.a(UART_1.o)
 .text.UART_1_SetRxAddress2
                0x00000000       0x20 .\CortexM0\ARM_GCC_484\Debug\Shifting.a(UART_1.o)
 .text.UART_1_SetTxInterruptMode
                0x00000000       0x20 .\CortexM0\ARM_GCC_484\Debug\Shifting.a(UART_1.o)
 .text.UART_1_WriteTxData
                0x00000000       0x2c .\CortexM0\ARM_GCC_484\Debug\Shifting.a(UART_1.o)
 .text.UART_1_ReadTxStatus
                0x00000000       0x14 .\CortexM0\ARM_GCC_484\Debug\Shifting.a(UART_1.o)
 .text.UART_1_PutChar
                0x00000000       0x34 .\CortexM0\ARM_GCC_484\Debug\Shifting.a(UART_1.o)
 .text.UART_1_PutString
                0x00000000       0x54 .\CortexM0\ARM_GCC_484\Debug\Shifting.a(UART_1.o)
 .text.UART_1_PutArray
                0x00000000       0x58 .\CortexM0\ARM_GCC_484\Debug\Shifting.a(UART_1.o)
 .text.UART_1_PutCRLF
                0x00000000       0x34 .\CortexM0\ARM_GCC_484\Debug\Shifting.a(UART_1.o)
 .text.UART_1_GetTxBufferSize
                0x00000000       0x48 .\CortexM0\ARM_GCC_484\Debug\Shifting.a(UART_1.o)
 .text.UART_1_ClearTxBuffer
                0x00000000       0x44 .\CortexM0\ARM_GCC_484\Debug\Shifting.a(UART_1.o)
 .text.UART_1_SendBreak
                0x00000000       0xb8 .\CortexM0\ARM_GCC_484\Debug\Shifting.a(UART_1.o)
 .text.UART_1_SetTxAddressMode
                0x00000000       0x14 .\CortexM0\ARM_GCC_484\Debug\Shifting.a(UART_1.o)
 .text          0x00000000        0x0 .\CortexM0\ARM_GCC_484\Debug\Shifting.a(UART_1_IntClock.o)
 .data          0x00000000        0x0 .\CortexM0\ARM_GCC_484\Debug\Shifting.a(UART_1_IntClock.o)
 .bss           0x00000000        0x0 .\CortexM0\ARM_GCC_484\Debug\Shifting.a(UART_1_IntClock.o)
 .text.UART_1_IntClock_Stop
                0x00000000       0x18 .\CortexM0\ARM_GCC_484\Debug\Shifting.a(UART_1_IntClock.o)
 .text.UART_1_IntClock_SetFractionalDividerRegister
                0x00000000       0x38 .\CortexM0\ARM_GCC_484\Debug\Shifting.a(UART_1_IntClock.o)
 .text.UART_1_IntClock_GetDividerRegister
                0x00000000       0x14 .\CortexM0\ARM_GCC_484\Debug\Shifting.a(UART_1_IntClock.o)
 .text.UART_1_IntClock_GetFractionalDividerRegister
                0x00000000        0xc .\CortexM0\ARM_GCC_484\Debug\Shifting.a(UART_1_IntClock.o)
 .data          0x00000000        0x0 .\CortexM0\ARM_GCC_484\Debug\Shifting.a(CyBootAsmGnu.o)
 .bss           0x00000000        0x0 .\CortexM0\ARM_GCC_484\Debug\Shifting.a(CyBootAsmGnu.o)
 .text          0x00000000        0x0 .\CortexM0\ARM_GCC_484\Debug\Shifting.a(CyLib.o)
 .bss           0x00000000       0x24 .\CortexM0\ARM_GCC_484\Debug\Shifting.a(CyLib.o)
 .rodata        0x00000000       0x30 .\CortexM0\ARM_GCC_484\Debug\Shifting.a(CyLib.o)
 .text.CySysClkImoStart
                0x00000000       0x1c .\CortexM0\ARM_GCC_484\Debug\Shifting.a(CyLib.o)
 .text.CySysClkImoStop
                0x00000000       0x18 .\CortexM0\ARM_GCC_484\Debug\Shifting.a(CyLib.o)
 .text.CySysClkIloStart
                0x00000000       0x1c .\CortexM0\ARM_GCC_484\Debug\Shifting.a(CyLib.o)
 .text.CySysClkIloStop
                0x00000000       0x4c .\CortexM0\ARM_GCC_484\Debug\Shifting.a(CyLib.o)
 .text.CySysClkIloEnabled
                0x00000000       0x1c .\CortexM0\ARM_GCC_484\Debug\Shifting.a(CyLib.o)
 .text.CySysClkWriteHfclkDirect
                0x00000000       0x44 .\CortexM0\ARM_GCC_484\Debug\Shifting.a(CyLib.o)
 .text.CySysClkWriteSysclkDiv
                0x00000000       0x44 .\CortexM0\ARM_GCC_484\Debug\Shifting.a(CyLib.o)
 .text.CySysClkWriteImoFreq
                0x00000000      0x1e0 .\CortexM0\ARM_GCC_484\Debug\Shifting.a(CyLib.o)
 .text.CySysWdtLock
                0x00000000       0x34 .\CortexM0\ARM_GCC_484\Debug\Shifting.a(CyLib.o)
 .text.CySysWdtLocked
                0x00000000       0x20 .\CortexM0\ARM_GCC_484\Debug\Shifting.a(CyLib.o)
 .text.CySysWdtUnlock
                0x00000000       0x4c .\CortexM0\ARM_GCC_484\Debug\Shifting.a(CyLib.o)
 .text.CySysWdtReadEnabledStatus
                0x00000000       0x30 .\CortexM0\ARM_GCC_484\Debug\Shifting.a(CyLib.o)
 .text.CySysWdtWriteMode
                0x00000000       0x60 .\CortexM0\ARM_GCC_484\Debug\Shifting.a(CyLib.o)
 .text.CySysWdtReadMode
                0x00000000       0x24 .\CortexM0\ARM_GCC_484\Debug\Shifting.a(CyLib.o)
 .text.CySysWdtWriteClearOnMatch
                0x00000000       0x70 .\CortexM0\ARM_GCC_484\Debug\Shifting.a(CyLib.o)
 .text.CySysWdtReadClearOnMatch
                0x00000000       0x40 .\CortexM0\ARM_GCC_484\Debug\Shifting.a(CyLib.o)
 .text.CySysWdtEnable
                0x00000000       0x68 .\CortexM0\ARM_GCC_484\Debug\Shifting.a(CyLib.o)
 .text.CySysWdtDisable
                0x00000000       0x68 .\CortexM0\ARM_GCC_484\Debug\Shifting.a(CyLib.o)
 .text.CySysWdtWriteCascade
                0x00000000       0x58 .\CortexM0\ARM_GCC_484\Debug\Shifting.a(CyLib.o)
 .text.CySysWdtReadCascade
                0x00000000       0x1c .\CortexM0\ARM_GCC_484\Debug\Shifting.a(CyLib.o)
 .text.CySysWdtWriteMatch
                0x00000000       0x6c .\CortexM0\ARM_GCC_484\Debug\Shifting.a(CyLib.o)
 .text.CySysWdtWriteToggleBit
                0x00000000       0x44 .\CortexM0\ARM_GCC_484\Debug\Shifting.a(CyLib.o)
 .text.CySysWdtReadToggleBit
                0x00000000       0x18 .\CortexM0\ARM_GCC_484\Debug\Shifting.a(CyLib.o)
 .text.CySysWdtReadMatch
                0x00000000       0x44 .\CortexM0\ARM_GCC_484\Debug\Shifting.a(CyLib.o)
 .text.CySysWdtReadCount
                0x00000000       0x54 .\CortexM0\ARM_GCC_484\Debug\Shifting.a(CyLib.o)
 .text.CySysWdtGetInterruptSource
                0x00000000       0x1c .\CortexM0\ARM_GCC_484\Debug\Shifting.a(CyLib.o)
 .text.CySysWdtClearInterrupt
                0x00000000       0x6c .\CortexM0\ARM_GCC_484\Debug\Shifting.a(CyLib.o)
 .text.CySysWdtResetCounters
                0x00000000       0x28 .\CortexM0\ARM_GCC_484\Debug\Shifting.a(CyLib.o)
 .text.CySysClkLfclkPosedgeCatch
                0x00000000       0x9c .\CortexM0\ARM_GCC_484\Debug\Shifting.a(CyLib.o)
 .text.CySysClkLfclkPosedgeRestore
                0x00000000       0x3c .\CortexM0\ARM_GCC_484\Debug\Shifting.a(CyLib.o)
 .text.CySysLvdEnable
                0x00000000       0x48 .\CortexM0\ARM_GCC_484\Debug\Shifting.a(CyLib.o)
 .text.CySysLvdDisable
                0x00000000       0x28 .\CortexM0\ARM_GCC_484\Debug\Shifting.a(CyLib.o)
 .text.CySysLvdGetInterruptSource
                0x00000000       0x18 .\CortexM0\ARM_GCC_484\Debug\Shifting.a(CyLib.o)
 .text.CySysLvdClearInterrupt
                0x00000000       0x14 .\CortexM0\ARM_GCC_484\Debug\Shifting.a(CyLib.o)
 .text.CySysGetResetReason
                0x00000000       0x30 .\CortexM0\ARM_GCC_484\Debug\Shifting.a(CyLib.o)
 .text.CyDisableInts
                0x00000000       0x24 .\CortexM0\ARM_GCC_484\Debug\Shifting.a(CyLib.o)
 .text.CyEnableInts
                0x00000000       0x18 .\CortexM0\ARM_GCC_484\Debug\Shifting.a(CyLib.o)
 .text.CyIntSetSysVector
                0x00000000       0x48 .\CortexM0\ARM_GCC_484\Debug\Shifting.a(CyLib.o)
 .text.CyIntGetSysVector
                0x00000000       0x34 .\CortexM0\ARM_GCC_484\Debug\Shifting.a(CyLib.o)
 .text.CyIntSetVector
                0x00000000       0x4c .\CortexM0\ARM_GCC_484\Debug\Shifting.a(CyLib.o)
 .text.CyIntGetVector
                0x00000000       0x38 .\CortexM0\ARM_GCC_484\Debug\Shifting.a(CyLib.o)
 .text.CyIntSetPriority
                0x00000000       0xa8 .\CortexM0\ARM_GCC_484\Debug\Shifting.a(CyLib.o)
 .text.CyIntGetPriority
                0x00000000       0x58 .\CortexM0\ARM_GCC_484\Debug\Shifting.a(CyLib.o)
 .text.CyIntEnable
                0x00000000       0x2c .\CortexM0\ARM_GCC_484\Debug\Shifting.a(CyLib.o)
 .text.CyIntGetState
                0x00000000       0x34 .\CortexM0\ARM_GCC_484\Debug\Shifting.a(CyLib.o)
 .text.CyIntDisable
                0x00000000       0x2c .\CortexM0\ARM_GCC_484\Debug\Shifting.a(CyLib.o)
 .text.CyIntSetPending
                0x00000000       0x2c .\CortexM0\ARM_GCC_484\Debug\Shifting.a(CyLib.o)
 .text.CyIntClearPending
                0x00000000       0x2c .\CortexM0\ARM_GCC_484\Debug\Shifting.a(CyLib.o)
 .text.CyHalt   0x00000000       0x14 .\CortexM0\ARM_GCC_484\Debug\Shifting.a(CyLib.o)
 .text.CySoftwareReset
                0x00000000       0x20 .\CortexM0\ARM_GCC_484\Debug\Shifting.a(CyLib.o)
 .text.CyDelay  0x00000000       0x48 .\CortexM0\ARM_GCC_484\Debug\Shifting.a(CyLib.o)
 .text.CyDelayFreq
                0x00000000       0x80 .\CortexM0\ARM_GCC_484\Debug\Shifting.a(CyLib.o)
 .text.CySysTickStart
                0x00000000       0x24 .\CortexM0\ARM_GCC_484\Debug\Shifting.a(CyLib.o)
 .text.CySysTickInit
                0x00000000       0x60 .\CortexM0\ARM_GCC_484\Debug\Shifting.a(CyLib.o)
 .text.CySysTickEnable
                0x00000000       0x1c .\CortexM0\ARM_GCC_484\Debug\Shifting.a(CyLib.o)
 .text.CySysTickStop
                0x00000000       0x18 .\CortexM0\ARM_GCC_484\Debug\Shifting.a(CyLib.o)
 .text.CySysTickEnableInterrupt
                0x00000000       0x18 .\CortexM0\ARM_GCC_484\Debug\Shifting.a(CyLib.o)
 .text.CySysTickDisableInterrupt
                0x00000000       0x18 .\CortexM0\ARM_GCC_484\Debug\Shifting.a(CyLib.o)
 .text.CySysTickSetReload
                0x00000000       0x1c .\CortexM0\ARM_GCC_484\Debug\Shifting.a(CyLib.o)
 .text.CySysTickGetReload
                0x00000000       0x18 .\CortexM0\ARM_GCC_484\Debug\Shifting.a(CyLib.o)
 .text.CySysTickGetValue
                0x00000000       0x1c .\CortexM0\ARM_GCC_484\Debug\Shifting.a(CyLib.o)
 .text.CySysTickGetCountFlag
                0x00000000       0x18 .\CortexM0\ARM_GCC_484\Debug\Shifting.a(CyLib.o)
 .text.CySysTickClear
                0x00000000       0x14 .\CortexM0\ARM_GCC_484\Debug\Shifting.a(CyLib.o)
 .text.CySysTickSetCallback
                0x00000000       0x2c .\CortexM0\ARM_GCC_484\Debug\Shifting.a(CyLib.o)
 .text.CySysTickGetCallback
                0x00000000       0x1c .\CortexM0\ARM_GCC_484\Debug\Shifting.a(CyLib.o)
 .text.CySysTickServiceCallbacks
                0x00000000       0x44 .\CortexM0\ARM_GCC_484\Debug\Shifting.a(CyLib.o)
 .text          0x00000000        0x0 .\CortexM0\ARM_GCC_484\Debug\Shifting.a(isr_1.o)
 .data          0x00000000        0x0 .\CortexM0\ARM_GCC_484\Debug\Shifting.a(isr_1.o)
 .bss           0x00000000        0x0 .\CortexM0\ARM_GCC_484\Debug\Shifting.a(isr_1.o)
 .text.isr_1_Start
                0x00000000       0x24 .\CortexM0\ARM_GCC_484\Debug\Shifting.a(isr_1.o)
 .text.isr_1_Stop
                0x00000000       0x18 .\CortexM0\ARM_GCC_484\Debug\Shifting.a(isr_1.o)
 .text.isr_1_Interrupt
                0x00000000        0x8 .\CortexM0\ARM_GCC_484\Debug\Shifting.a(isr_1.o)
 .text.isr_1_GetVector
                0x00000000       0x14 .\CortexM0\ARM_GCC_484\Debug\Shifting.a(isr_1.o)
 .text.isr_1_GetPriority
                0x00000000       0x2c .\CortexM0\ARM_GCC_484\Debug\Shifting.a(isr_1.o)
 .text.isr_1_GetState
                0x00000000       0x1c .\CortexM0\ARM_GCC_484\Debug\Shifting.a(isr_1.o)
 .text.isr_1_SetPending
                0x00000000       0x14 .\CortexM0\ARM_GCC_484\Debug\Shifting.a(isr_1.o)
 .text.isr_1_ClearPending
                0x00000000       0x14 .\CortexM0\ARM_GCC_484\Debug\Shifting.a(isr_1.o)
 .text          0x00000000       0x9c e:/program files (x86)/cypress/psoc creator/3.1/psoc creator/import/gnu_cs/arm/4.8.4/bin/../lib/gcc/arm-none-eabi/4.8.4/armv6-m\libgcc.a(_udivsi3.o)
 .data          0x00000000        0x0 e:/program files (x86)/cypress/psoc creator/3.1/psoc creator/import/gnu_cs/arm/4.8.4/bin/../lib/gcc/arm-none-eabi/4.8.4/armv6-m\libgcc.a(_udivsi3.o)
 .bss           0x00000000        0x0 e:/program files (x86)/cypress/psoc creator/3.1/psoc creator/import/gnu_cs/arm/4.8.4/bin/../lib/gcc/arm-none-eabi/4.8.4/armv6-m\libgcc.a(_udivsi3.o)
 .text          0x00000000       0xc0 e:/program files (x86)/cypress/psoc creator/3.1/psoc creator/import/gnu_cs/arm/4.8.4/bin/../lib/gcc/arm-none-eabi/4.8.4/armv6-m\libgcc.a(_divsi3.o)
 .data          0x00000000        0x0 e:/program files (x86)/cypress/psoc creator/3.1/psoc creator/import/gnu_cs/arm/4.8.4/bin/../lib/gcc/arm-none-eabi/4.8.4/armv6-m\libgcc.a(_divsi3.o)
 .bss           0x00000000        0x0 e:/program files (x86)/cypress/psoc creator/3.1/psoc creator/import/gnu_cs/arm/4.8.4/bin/../lib/gcc/arm-none-eabi/4.8.4/armv6-m\libgcc.a(_divsi3.o)
 .text          0x00000000        0x4 e:/program files (x86)/cypress/psoc creator/3.1/psoc creator/import/gnu_cs/arm/4.8.4/bin/../lib/gcc/arm-none-eabi/4.8.4/armv6-m\libgcc.a(_dvmd_tls.o)
 .data          0x00000000        0x0 e:/program files (x86)/cypress/psoc creator/3.1/psoc creator/import/gnu_cs/arm/4.8.4/bin/../lib/gcc/arm-none-eabi/4.8.4/armv6-m\libgcc.a(_dvmd_tls.o)
 .bss           0x00000000        0x0 e:/program files (x86)/cypress/psoc creator/3.1/psoc creator/import/gnu_cs/arm/4.8.4/bin/../lib/gcc/arm-none-eabi/4.8.4/armv6-m\libgcc.a(_dvmd_tls.o)
 .text          0x00000000        0x0 e:/program files (x86)/cypress/psoc creator/3.1/psoc creator/import/gnu_cs/arm/4.8.4/bin/../lib/gcc/arm-none-eabi/4.8.4/../../../../arm-none-eabi/lib/armv6-m\libg_s.a(lib_a-errno.o)
 .data          0x00000000        0x0 e:/program files (x86)/cypress/psoc creator/3.1/psoc creator/import/gnu_cs/arm/4.8.4/bin/../lib/gcc/arm-none-eabi/4.8.4/../../../../arm-none-eabi/lib/armv6-m\libg_s.a(lib_a-errno.o)
 .bss           0x00000000        0x0 e:/program files (x86)/cypress/psoc creator/3.1/psoc creator/import/gnu_cs/arm/4.8.4/bin/../lib/gcc/arm-none-eabi/4.8.4/../../../../arm-none-eabi/lib/armv6-m\libg_s.a(lib_a-errno.o)
 .text.__errno  0x00000000        0xc e:/program files (x86)/cypress/psoc creator/3.1/psoc creator/import/gnu_cs/arm/4.8.4/bin/../lib/gcc/arm-none-eabi/4.8.4/../../../../arm-none-eabi/lib/armv6-m\libg_s.a(lib_a-errno.o)
 .text          0x00000000        0x0 e:/program files (x86)/cypress/psoc creator/3.1/psoc creator/import/gnu_cs/arm/4.8.4/bin/../lib/gcc/arm-none-eabi/4.8.4/../../../../arm-none-eabi/lib/armv6-m\libg_s.a(lib_a-exit.o)
 .data          0x00000000        0x0 e:/program files (x86)/cypress/psoc creator/3.1/psoc creator/import/gnu_cs/arm/4.8.4/bin/../lib/gcc/arm-none-eabi/4.8.4/../../../../arm-none-eabi/lib/armv6-m\libg_s.a(lib_a-exit.o)
 .bss           0x00000000        0x0 e:/program files (x86)/cypress/psoc creator/3.1/psoc creator/import/gnu_cs/arm/4.8.4/bin/../lib/gcc/arm-none-eabi/4.8.4/../../../../arm-none-eabi/lib/armv6-m\libg_s.a(lib_a-exit.o)
 .text.exit     0x00000000       0x2c e:/program files (x86)/cypress/psoc creator/3.1/psoc creator/import/gnu_cs/arm/4.8.4/bin/../lib/gcc/arm-none-eabi/4.8.4/../../../../arm-none-eabi/lib/armv6-m\libg_s.a(lib_a-exit.o)
 .text          0x00000000        0x0 e:/program files (x86)/cypress/psoc creator/3.1/psoc creator/import/gnu_cs/arm/4.8.4/bin/../lib/gcc/arm-none-eabi/4.8.4/../../../../arm-none-eabi/lib/armv6-m\libg_s.a(lib_a-impure.o)
 .data          0x00000000        0x0 e:/program files (x86)/cypress/psoc creator/3.1/psoc creator/import/gnu_cs/arm/4.8.4/bin/../lib/gcc/arm-none-eabi/4.8.4/../../../../arm-none-eabi/lib/armv6-m\libg_s.a(lib_a-impure.o)
 .bss           0x00000000        0x0 e:/program files (x86)/cypress/psoc creator/3.1/psoc creator/import/gnu_cs/arm/4.8.4/bin/../lib/gcc/arm-none-eabi/4.8.4/../../../../arm-none-eabi/lib/armv6-m\libg_s.a(lib_a-impure.o)
 .data.impure_data
                0x00000000       0x60 e:/program files (x86)/cypress/psoc creator/3.1/psoc creator/import/gnu_cs/arm/4.8.4/bin/../lib/gcc/arm-none-eabi/4.8.4/../../../../arm-none-eabi/lib/armv6-m\libg_s.a(lib_a-impure.o)
 .data._impure_ptr
                0x00000000        0x4 e:/program files (x86)/cypress/psoc creator/3.1/psoc creator/import/gnu_cs/arm/4.8.4/bin/../lib/gcc/arm-none-eabi/4.8.4/../../../../arm-none-eabi/lib/armv6-m\libg_s.a(lib_a-impure.o)
 .rodata.str1.1
                0x00000000        0x2 e:/program files (x86)/cypress/psoc creator/3.1/psoc creator/import/gnu_cs/arm/4.8.4/bin/../lib/gcc/arm-none-eabi/4.8.4/../../../../arm-none-eabi/lib/armv6-m\libg_s.a(lib_a-impure.o)
 .rodata._global_impure_ptr
                0x00000000        0x4 e:/program files (x86)/cypress/psoc creator/3.1/psoc creator/import/gnu_cs/arm/4.8.4/bin/../lib/gcc/arm-none-eabi/4.8.4/../../../../arm-none-eabi/lib/armv6-m\libg_s.a(lib_a-impure.o)
 .text          0x00000000        0x0 e:/program files (x86)/cypress/psoc creator/3.1/psoc creator/import/gnu_cs/arm/4.8.4/bin/../lib/gcc/arm-none-eabi/4.8.4/../../../../arm-none-eabi/lib/armv6-m\libg_s.a(lib_a-init.o)
 .data          0x00000000        0x0 e:/program files (x86)/cypress/psoc creator/3.1/psoc creator/import/gnu_cs/arm/4.8.4/bin/../lib/gcc/arm-none-eabi/4.8.4/../../../../arm-none-eabi/lib/armv6-m\libg_s.a(lib_a-init.o)
 .bss           0x00000000        0x0 e:/program files (x86)/cypress/psoc creator/3.1/psoc creator/import/gnu_cs/arm/4.8.4/bin/../lib/gcc/arm-none-eabi/4.8.4/../../../../arm-none-eabi/lib/armv6-m\libg_s.a(lib_a-init.o)
 .text          0x00000000        0x0 e:/program files (x86)/cypress/psoc creator/3.1/psoc creator/import/gnu_cs/arm/4.8.4/bin/../lib/gcc/arm-none-eabi/4.8.4/../../../../arm-none-eabi/lib/armv6-m\libg_s.a(lib_a-memcpy-stub.o)
 .data          0x00000000        0x0 e:/program files (x86)/cypress/psoc creator/3.1/psoc creator/import/gnu_cs/arm/4.8.4/bin/../lib/gcc/arm-none-eabi/4.8.4/../../../../arm-none-eabi/lib/armv6-m\libg_s.a(lib_a-memcpy-stub.o)
 .bss           0x00000000        0x0 e:/program files (x86)/cypress/psoc creator/3.1/psoc creator/import/gnu_cs/arm/4.8.4/bin/../lib/gcc/arm-none-eabi/4.8.4/../../../../arm-none-eabi/lib/armv6-m\libg_s.a(lib_a-memcpy-stub.o)
 .text.memcpy   0x00000000       0x12 e:/program files (x86)/cypress/psoc creator/3.1/psoc creator/import/gnu_cs/arm/4.8.4/bin/../lib/gcc/arm-none-eabi/4.8.4/../../../../arm-none-eabi/lib/armv6-m\libg_s.a(lib_a-memcpy-stub.o)
 .text          0x00000000        0x0 e:/program files (x86)/cypress/psoc creator/3.1/psoc creator/import/gnu_cs/arm/4.8.4/bin/../lib/gcc/arm-none-eabi/4.8.4/../../../../arm-none-eabi/lib/armv6-m\libg_s.a(lib_a-memset.o)
 .data          0x00000000        0x0 e:/program files (x86)/cypress/psoc creator/3.1/psoc creator/import/gnu_cs/arm/4.8.4/bin/../lib/gcc/arm-none-eabi/4.8.4/../../../../arm-none-eabi/lib/armv6-m\libg_s.a(lib_a-memset.o)
 .bss           0x00000000        0x0 e:/program files (x86)/cypress/psoc creator/3.1/psoc creator/import/gnu_cs/arm/4.8.4/bin/../lib/gcc/arm-none-eabi/4.8.4/../../../../arm-none-eabi/lib/armv6-m\libg_s.a(lib_a-memset.o)
 .text          0x00000000        0x0 e:/program files (x86)/cypress/psoc creator/3.1/psoc creator/import/gnu_cs/arm/4.8.4/bin/../lib/gcc/arm-none-eabi/4.8.4/armv6-m/crtend.o
 .data          0x00000000        0x0 e:/program files (x86)/cypress/psoc creator/3.1/psoc creator/import/gnu_cs/arm/4.8.4/bin/../lib/gcc/arm-none-eabi/4.8.4/armv6-m/crtend.o
 .bss           0x00000000        0x0 e:/program files (x86)/cypress/psoc creator/3.1/psoc creator/import/gnu_cs/arm/4.8.4/bin/../lib/gcc/arm-none-eabi/4.8.4/armv6-m/crtend.o
 .text          0x00000000        0x0 e:/program files (x86)/cypress/psoc creator/3.1/psoc creator/import/gnu_cs/arm/4.8.4/bin/../lib/gcc/arm-none-eabi/4.8.4/armv6-m/crtn.o
 .data          0x00000000        0x0 e:/program files (x86)/cypress/psoc creator/3.1/psoc creator/import/gnu_cs/arm/4.8.4/bin/../lib/gcc/arm-none-eabi/4.8.4/armv6-m/crtn.o
 .bss           0x00000000        0x0 e:/program files (x86)/cypress/psoc creator/3.1/psoc creator/import/gnu_cs/arm/4.8.4/bin/../lib/gcc/arm-none-eabi/4.8.4/armv6-m/crtn.o

Memory Configuration

Name             Origin             Length             Attributes
rom              0x00000000         0x00008000         xr
ram              0x20000000         0x00001000         xrw
*default*        0x00000000         0xffffffff

Linker script and memory map

LOAD e:/program files (x86)/cypress/psoc creator/3.1/psoc creator/import/gnu_cs/arm/4.8.4/bin/../lib/gcc/arm-none-eabi/4.8.4/armv6-m/crti.o
LOAD e:/program files (x86)/cypress/psoc creator/3.1/psoc creator/import/gnu_cs/arm/4.8.4/bin/../lib/gcc/arm-none-eabi/4.8.4/armv6-m/crtbegin.o
LOAD e:/program files (x86)/cypress/psoc creator/3.1/psoc creator/import/gnu_cs/arm/4.8.4/bin/../lib/gcc/arm-none-eabi/4.8.4/../../../../arm-none-eabi/lib/armv6-m/crt0.o
START GROUP
LOAD .\CortexM0\ARM_GCC_484\Debug\main.o
LOAD .\CortexM0\ARM_GCC_484\Debug\cymetadata.o
LOAD .\CortexM0\ARM_GCC_484\Debug\Cm0Start.o
LOAD .\CortexM0\ARM_GCC_484\Debug\Shifting.a
LOAD E:\Program Files (x86)\Cypress\PSoC Creator\3.1\PSoC Creator\psoc\content\cycomponentlibrary\CyComponentLibrary.cylib\CortexM0\ARM_GCC_484\Debug\CyComponentLibrary.a
END GROUP
START GROUP
LOAD e:/program files (x86)/cypress/psoc creator/3.1/psoc creator/import/gnu_cs/arm/4.8.4/bin/../lib/gcc/arm-none-eabi/4.8.4/armv6-m\libgcc.a
LOAD e:/program files (x86)/cypress/psoc creator/3.1/psoc creator/import/gnu_cs/arm/4.8.4/bin/../lib/gcc/arm-none-eabi/4.8.4/../../../../arm-none-eabi/lib/armv6-m\libg_s.a
LOAD e:/program files (x86)/cypress/psoc creator/3.1/psoc creator/import/gnu_cs/arm/4.8.4/bin/../lib/gcc/arm-none-eabi/4.8.4/../../../../arm-none-eabi/lib/armv6-m\libc_s.a
END GROUP
START GROUP
LOAD e:/program files (x86)/cypress/psoc creator/3.1/psoc creator/import/gnu_cs/arm/4.8.4/bin/../lib/gcc/arm-none-eabi/4.8.4/armv6-m\libgcc.a
LOAD e:/program files (x86)/cypress/psoc creator/3.1/psoc creator/import/gnu_cs/arm/4.8.4/bin/../lib/gcc/arm-none-eabi/4.8.4/../../../../arm-none-eabi/lib/armv6-m\libc_s.a
END GROUP
LOAD e:/program files (x86)/cypress/psoc creator/3.1/psoc creator/import/gnu_cs/arm/4.8.4/bin/../lib/gcc/arm-none-eabi/4.8.4/armv6-m/crtend.o
LOAD e:/program files (x86)/cypress/psoc creator/3.1/psoc creator/import/gnu_cs/arm/4.8.4/bin/../lib/gcc/arm-none-eabi/4.8.4/armv6-m/crtn.o
START GROUP
LOAD e:/program files (x86)/cypress/psoc creator/3.1/psoc creator/import/gnu_cs/arm/4.8.4/bin/../lib/gcc/arm-none-eabi/4.8.4/armv6-m\libgcc.a
LOAD e:/program files (x86)/cypress/psoc creator/3.1/psoc creator/import/gnu_cs/arm/4.8.4/bin/../lib/gcc/arm-none-eabi/4.8.4/../../../../arm-none-eabi/lib/armv6-m\libc.a
LOAD e:/program files (x86)/cypress/psoc creator/3.1/psoc creator/import/gnu_cs/arm/4.8.4/bin/../lib/gcc/arm-none-eabi/4.8.4/../../../../arm-none-eabi/lib/armv6-m\libnosys.a
END GROUP
                0x00000000                CY_APPL_ORIGIN = 0x0
                0x00000080                CY_FLASH_ROW_SIZE = 0x80
                0x00000001                CY_APPL_NUM = 0x1
                0x00000040                CY_METADATA_SIZE = 0x40
                0x20000118                PROVIDE (__cy_heap_start, _end)
                0x00000001                PROVIDE (__cy_region_num, ((__cy_regions_end - __cy_regions) / 0x10))
                0x20001000                PROVIDE (__cy_stack, (ORIGIN (ram) + 0x1000))
                0x20000c00                PROVIDE (__cy_heap_end, (__cy_stack - 0x400))

.cybootloader   0x00000000        0x0
 *(.cybootloader)
                0x00000000                appl1_start = CY_APPL_ORIGIN?CY_APPL_ORIGIN:ALIGN (CY_FLASH_ROW_SIZE)
                0x00003f80                appl2_start = (appl1_start + ALIGN ((((0x8000 - appl1_start) - (0x2 * CY_FLASH_ROW_SIZE)) / 0x2), CY_FLASH_ROW_SIZE))
                0x00000000                appl_start = (CY_APPL_NUM == 0x1)?appl1_start:appl2_start

.text           0x00000000      0x808
 CREATE_OBJECT_SYMBOLS
                0x00000000                PROVIDE (__cy_interrupt_vector, RomVectors)
 *(.romvectors)
 .romvectors    0x00000000       0x10 .\CortexM0\ARM_GCC_484\Debug\Cm0Start.o
                0x00000000                RomVectors
                0x00000001                ASSERT ((. != __cy_interrupt_vector), No interrupt vector)
                0x00000001                ASSERT (CY_APPL_ORIGIN?(SIZEOF (.cybootloader) <= CY_APPL_ORIGIN):0x1, Wrong image location)
                0x00000010                PROVIDE (__cy_reset, Reset)
 *(.text.Reset)
 .text.Reset    0x00000010        0x8 .\CortexM0\ARM_GCC_484\Debug\Cm0Start.o
                0x00000010                Reset
                0x00000001                ASSERT ((. != __cy_reset), No reset code)
 *(.psocinit)
 .psocinit      0x00000018      0x284 .\CortexM0\ARM_GCC_484\Debug\Shifting.a(cyfitter_cfg.o)
                0x00000148                cyfitter_cfg
                0x0000029c                . = MAX (., 0x100)
 *(.text .text.* .gnu.linkonce.t.*)
 .text          0x0000029c       0x60 e:/program files (x86)/cypress/psoc creator/3.1/psoc creator/import/gnu_cs/arm/4.8.4/bin/../lib/gcc/arm-none-eabi/4.8.4/armv6-m/crtbegin.o
 .text.ReadSerial
                0x000002fc       0x8c .\CortexM0\ARM_GCC_484\Debug\main.o
                0x000002fc                ReadSerial
 .text.main     0x00000388       0x18 .\CortexM0\ARM_GCC_484\Debug\main.o
                0x00000388                main
 .text.IntDefaultHandler
                0x000003a0        0x8 .\CortexM0\ARM_GCC_484\Debug\Cm0Start.o
                0x000003a0                IntDefaultHandler
 .text.Start_c  0x000003a8       0x98 .\CortexM0\ARM_GCC_484\Debug\Cm0Start.o
                0x000003a8                Start_c
 .text.initialize_psoc
                0x00000440       0x64 .\CortexM0\ARM_GCC_484\Debug\Cm0Start.o
                0x00000440                initialize_psoc
 .text.CYMEMZERO
                0x000004a4       0x20 .\CortexM0\ARM_GCC_484\Debug\Shifting.a(cyfitter_cfg.o)
 .text.cfg_write_bytes32
                0x000004c4       0x80 .\CortexM0\ARM_GCC_484\Debug\Shifting.a(cyfitter_cfg.o)
 .text.AnalogSetDefault
                0x00000544        0x8 .\CortexM0\ARM_GCC_484\Debug\Shifting.a(cyfitter_cfg.o)
 .text.UART_1_Start
                0x0000054c       0x24 .\CortexM0\ARM_GCC_484\Debug\Shifting.a(UART_1.o)
                0x0000054c                UART_1_Start
 .text.UART_1_Init
                0x00000570       0x3c .\CortexM0\ARM_GCC_484\Debug\Shifting.a(UART_1.o)
                0x00000570                UART_1_Init
 .text.UART_1_Enable
                0x000005ac       0x60 .\CortexM0\ARM_GCC_484\Debug\Shifting.a(UART_1.o)
                0x000005ac                UART_1_Enable
 .text.UART_1_GetChar
                0x0000060c       0x4c .\CortexM0\ARM_GCC_484\Debug\Shifting.a(UART_1.o)
                0x0000060c                UART_1_GetChar
 .text.UART_1_GetRxBufferSize
                0x00000658       0x30 .\CortexM0\ARM_GCC_484\Debug\Shifting.a(UART_1.o)
                0x00000658                UART_1_GetRxBufferSize
 .text.UART_1_IntClock_Start
                0x00000688       0x1c .\CortexM0\ARM_GCC_484\Debug\Shifting.a(UART_1_IntClock.o)
                0x00000688                UART_1_IntClock_Start
 *fill*         0x000006a4        0x4 
 .text          0x000006a8       0x28 .\CortexM0\ARM_GCC_484\Debug\Shifting.a(CyBootAsmGnu.o)
                0x000006a8                CyDelayCycles
                0x000006bc                CyEnterCriticalSection
                0x000006c4                CyExitCriticalSection
 .text.CyDelayUs
                0x000006d0       0x28 .\CortexM0\ARM_GCC_484\Debug\Shifting.a(CyLib.o)
                0x000006d0                CyDelayUs
 .text.isr_1_StartEx
                0x000006f8       0x24 .\CortexM0\ARM_GCC_484\Debug\Shifting.a(isr_1.o)
                0x000006f8                isr_1_StartEx
 .text.isr_1_SetVector
                0x0000071c       0x18 .\CortexM0\ARM_GCC_484\Debug\Shifting.a(isr_1.o)
                0x0000071c                isr_1_SetVector
 .text.isr_1_SetPriority
                0x00000734       0x50 .\CortexM0\ARM_GCC_484\Debug\Shifting.a(isr_1.o)
                0x00000734                isr_1_SetPriority
 .text.isr_1_Enable
                0x00000784       0x14 .\CortexM0\ARM_GCC_484\Debug\Shifting.a(isr_1.o)
                0x00000784                isr_1_Enable
 .text.isr_1_Disable
                0x00000798       0x14 .\CortexM0\ARM_GCC_484\Debug\Shifting.a(isr_1.o)
                0x00000798                isr_1_Disable
 .text.__libc_init_array
                0x000007ac       0x4c e:/program files (x86)/cypress/psoc creator/3.1/psoc creator/import/gnu_cs/arm/4.8.4/bin/../lib/gcc/arm-none-eabi/4.8.4/../../../../arm-none-eabi/lib/armv6-m\libg_s.a(lib_a-init.o)
                0x000007ac                __libc_init_array
 .text.memset   0x000007f8       0x10 e:/program files (x86)/cypress/psoc creator/3.1/psoc creator/import/gnu_cs/arm/4.8.4/bin/../lib/gcc/arm-none-eabi/4.8.4/../../../../arm-none-eabi/lib/armv6-m\libg_s.a(lib_a-memset.o)
                0x000007f8                memset
 *(.plt)
 *(.gnu.warning)
 *(.glue_7t)
 .glue_7t       0x00000000        0x0 linker stubs
 *(.glue_7)
 .glue_7        0x00000000        0x0 linker stubs
 *(.vfp11_veneer)
 .vfp11_veneer  0x00000000        0x0 linker stubs
 *(.bootloader)
 *(.ARM.extab* .gnu.linkonce.armextab.*)
 *(.gcc_except_table)

.v4_bx          0x00000808        0x0
 .v4_bx         0x00000000        0x0 linker stubs

.iplt           0x00000808        0x0
 .iplt          0x00000000        0x0 e:/program files (x86)/cypress/psoc creator/3.1/psoc creator/import/gnu_cs/arm/4.8.4/bin/../lib/gcc/arm-none-eabi/4.8.4/armv6-m/crtbegin.o

.eh_frame_hdr
 *(.eh_frame_hdr)

.eh_frame       0x00000808        0x4
 *(.eh_frame)
 .eh_frame      0x00000808        0x0 e:/program files (x86)/cypress/psoc creator/3.1/psoc creator/import/gnu_cs/arm/4.8.4/bin/../lib/gcc/arm-none-eabi/4.8.4/armv6-m/crtbegin.o
 .eh_frame      0x00000808        0x4 e:/program files (x86)/cypress/psoc creator/3.1/psoc creator/import/gnu_cs/arm/4.8.4/bin/../lib/gcc/arm-none-eabi/4.8.4/armv6-m/crtend.o
                0x0000080c                PROVIDE (__exidx_start, .)

.ARM.exidx
 *(.ARM.exidx* .gnu.linkonce.armexidx.*)
                0x0000080c                __exidx_end = .

.rodata         0x0000080c      0x2ec
 *(.rodata .rodata.* .gnu.linkonce.r.*)
 .rodata        0x0000080c      0x2b4 .\CortexM0\ARM_GCC_484\Debug\Shifting.a(cyfitter_cfg.o)
                0x00000ac0                . = ALIGN (0x4)
 *(.init)
 .init          0x00000ac0        0x4 e:/program files (x86)/cypress/psoc creator/3.1/psoc creator/import/gnu_cs/arm/4.8.4/bin/../lib/gcc/arm-none-eabi/4.8.4/armv6-m/crti.o
                0x00000ac0                _init
 .init          0x00000ac4        0x8 e:/program files (x86)/cypress/psoc creator/3.1/psoc creator/import/gnu_cs/arm/4.8.4/bin/../lib/gcc/arm-none-eabi/4.8.4/armv6-m/crtn.o
                0x00000acc                . = ALIGN (0x4)
                0x00000acc                __preinit_array_start = .
 *(.preinit_array)
                0x00000acc                __preinit_array_end = .
                0x00000acc                . = ALIGN (0x4)
                0x00000acc                __init_array_start = .
 *(SORT(.init_array.*))
 *(.init_array)
 .init_array    0x00000acc        0x4 e:/program files (x86)/cypress/psoc creator/3.1/psoc creator/import/gnu_cs/arm/4.8.4/bin/../lib/gcc/arm-none-eabi/4.8.4/armv6-m/crtbegin.o
 .init_array    0x00000ad0        0x4 .\CortexM0\ARM_GCC_484\Debug\Cm0Start.o
                0x00000ad4                __init_array_end = .
                0x00000ad4                . = ALIGN (0x4)
 *(.fini)
 .fini          0x00000ad4        0x4 e:/program files (x86)/cypress/psoc creator/3.1/psoc creator/import/gnu_cs/arm/4.8.4/bin/../lib/gcc/arm-none-eabi/4.8.4/armv6-m/crti.o
                0x00000ad4                _fini
 .fini          0x00000ad8        0x8 e:/program files (x86)/cypress/psoc creator/3.1/psoc creator/import/gnu_cs/arm/4.8.4/bin/../lib/gcc/arm-none-eabi/4.8.4/armv6-m/crtn.o
                0x00000ae0                . = ALIGN (0x4)
                0x00000ae0                __fini_array_start = .
 *(.fini_array)
 .fini_array    0x00000ae0        0x4 e:/program files (x86)/cypress/psoc creator/3.1/psoc creator/import/gnu_cs/arm/4.8.4/bin/../lib/gcc/arm-none-eabi/4.8.4/armv6-m/crtbegin.o
 *(SORT(.fini_array.*))
                0x00000ae4                __fini_array_end = .
                0x00000ae4                . = ALIGN (0x4)
 *crtbegin.o(.ctors)
 *(EXCLUDE_FILE(*crtend.o) .ctors)
 *(SORT(.ctors.*))
 *crtend.o(.ctors)
                0x00000ae4                . = ALIGN (0x4)
 *crtbegin.o(.dtors)
 *(EXCLUDE_FILE(*crtend.o) .dtors)
 *(SORT(.dtors.*))
 *crtend.o(.dtors)
                0x00000ae4                . = ALIGN (0x4)
                0x00000ae4                __cy_regions = .
                0x00000ae4        0x4 LONG 0xaf8 __cy_region_init_ram
                0x00000ae8        0x4 LONG 0x200000c8 __cy_region_start_data
                0x00000aec        0x4 LONG 0x18 __cy_region_init_size_ram
                0x00000af0        0x4 LONG 0x38 __cy_region_zero_size_ram
                0x00000af4                __cy_regions_end = .
                0x00000af8                . = ALIGN (0x8)
 *fill*         0x00000af4        0x4 
                0x00000af8                _etext = .

.ramvectors     0x20000000       0xc0
                0x20000000                __cy_region_start_ram = .
 *(.ramvectors)
 .ramvectors    0x20000000       0xc0 .\CortexM0\ARM_GCC_484\Debug\Cm0Start.o
                0x20000000                CyRamVectors

.noinit         0x200000c0        0x4
 *(.noinit)
 .noinit        0x200000c0        0x4 .\CortexM0\ARM_GCC_484\Debug\Cm0Start.o

.data           0x200000c8       0x18 load address 0x00000af8
                0x200000c8                __cy_region_start_data = .
 *(.jcr)
 .jcr           0x200000c8        0x0 e:/program files (x86)/cypress/psoc creator/3.1/psoc creator/import/gnu_cs/arm/4.8.4/bin/../lib/gcc/arm-none-eabi/4.8.4/armv6-m/crtbegin.o
 .jcr           0x200000c8        0x4 e:/program files (x86)/cypress/psoc creator/3.1/psoc creator/import/gnu_cs/arm/4.8.4/bin/../lib/gcc/arm-none-eabi/4.8.4/armv6-m/crtend.o
 *(.got.plt)
 *(.got)
 *(.shdata)
 *(.data .data.* .gnu.linkonce.d.*)
 .data          0x200000cc        0x4 .\CortexM0\ARM_GCC_484\Debug\Shifting.a(cyfitter_cfg.o)
 .data          0x200000d0       0x10 .\CortexM0\ARM_GCC_484\Debug\Shifting.a(CyLib.o)
                0x200000d0                cydelayFreqHz
                0x200000d4                cydelayFreqKhz
                0x200000d8                cydelayFreqMhz
                0x200000dc                cydelay32kMs
                0x200000e0                . = ALIGN (0x8)
 *(.ram)
                0x200000e0                _edata = .

.igot.plt       0x200000e0        0x0 load address 0x00000b10
 .igot.plt      0x00000000        0x0 e:/program files (x86)/cypress/psoc creator/3.1/psoc creator/import/gnu_cs/arm/4.8.4/bin/../lib/gcc/arm-none-eabi/4.8.4/armv6-m/crtbegin.o

.bss            0x200000e0       0x38 load address 0x00000b10
                0x200000e0                PROVIDE (__bss_start__, .)
 *(.shbss)
 *(.bss .bss.* .gnu.linkonce.b.*)
 .bss           0x200000e0       0x1c e:/program files (x86)/cypress/psoc creator/3.1/psoc creator/import/gnu_cs/arm/4.8.4/bin/../lib/gcc/arm-none-eabi/4.8.4/armv6-m/crtbegin.o
 .bss           0x200000fc        0x4 .\CortexM0\ARM_GCC_484\Debug\main.o
                0x200000fc                msg_count
 .bss           0x20000100        0x2 .\CortexM0\ARM_GCC_484\Debug\Shifting.a(UART_1.o)
                0x20000100                UART_1_initVar
 *(COMMON)
 *fill*         0x20000102        0x2 
 COMMON         0x20000104       0x10 .\CortexM0\ARM_GCC_484\Debug\main.o
                0x20000104                sendData
                0x20000118                . = ALIGN (0x8)
 *fill*         0x20000114        0x4 
 *(.ram.b)
                0x20000118                _end = .
                0x20000118                __end = .
                0x20000118                PROVIDE (end, .)
                0x20000118                PROVIDE (__bss_end__, .)
                0x00000af8                __cy_region_init_ram = LOADADDR (.data)
                0x00000018                __cy_region_init_size_ram = (_edata - ADDR (.data))
                0x00000038                __cy_region_zero_size_ram = (_end - _edata)

.heap           0x20000118      0x100 load address 0x00000b10
                0x20000118                . = _end
                0x20000218                . = (. + 0x100)
 *fill*         0x20000118      0x100 
                0x20000218                __cy_heap_limit = .

.stack          0x20000c00      0x400
                0x20000c00                __cy_stack_limit = .
                0x20001000                . = (. + 0x400)
 *fill*         0x20000c00      0x400 
                0x00000001                ASSERT ((__cy_stack_limit >= __cy_heap_limit), region RAM overflowed with stack)

.cyloadermeta
 *(.cyloadermeta)

.cyloadablemeta
 *(.cyloadablemeta)

.cyflashprotect
                0x90400000       0x20
 *(.cyflashprotect)
 .cyflashprotect
                0x90400000       0x20 .\CortexM0\ARM_GCC_484\Debug\cymetadata.o
                0x90400000                cy_meta_flashprotect

.cymeta         0x90500000        0xc
 *(.cymeta)
 .cymeta        0x90500000        0xc .\CortexM0\ARM_GCC_484\Debug\cymetadata.o
                0x90500000                cy_metadata

.cychipprotect  0x90600000        0x4
 *(.cychipprotect)
 .cychipprotect
                0x90600000        0x4 .\CortexM0\ARM_GCC_484\Debug\cymetadata.o
                0x90600000                cy_meta_chipprotect

.rel.dyn        0x00000b10        0x0 load address 0x90600004
 .rel.iplt      0x00000000        0x0 e:/program files (x86)/cypress/psoc creator/3.1/psoc creator/import/gnu_cs/arm/4.8.4/bin/../lib/gcc/arm-none-eabi/4.8.4/armv6-m/crtbegin.o

.stab
 *(.stab)

.stabstr
 *(.stabstr)

.debug
 *(.debug)

.line
 *(.line)

.debug_srcinfo
 *(.debug_srcinfo)

.debug_sfnames
 *(.debug_sfnames)

.debug_aranges  0x00000000      0x4e0
 *(.debug_aranges)
 .debug_aranges
                0x00000000       0x28 .\CortexM0\ARM_GCC_484\Debug\main.o
 .debug_aranges
                0x00000028       0x18 .\CortexM0\ARM_GCC_484\Debug\cymetadata.o
 .debug_aranges
                0x00000040       0x48 .\CortexM0\ARM_GCC_484\Debug\Cm0Start.o
 .debug_aranges
                0x00000088       0x58 .\CortexM0\ARM_GCC_484\Debug\Shifting.a(cyfitter_cfg.o)
 .debug_aranges
                0x000000e0       0xf0 .\CortexM0\ARM_GCC_484\Debug\Shifting.a(UART_1.o)
 .debug_aranges
                0x000001d0       0x40 .\CortexM0\ARM_GCC_484\Debug\Shifting.a(UART_1_IntClock.o)
 .debug_aranges
                0x00000210       0x20 .\CortexM0\ARM_GCC_484\Debug\Shifting.a(CyBootAsmGnu.o)
 .debug_aranges
                0x00000230      0x230 .\CortexM0\ARM_GCC_484\Debug\Shifting.a(CyLib.o)
 .debug_aranges
                0x00000460       0x80 .\CortexM0\ARM_GCC_484\Debug\Shifting.a(isr_1.o)

.debug_pubnames
 *(.debug_pubnames)

.debug_info     0x00000000     0x1f66
 *(.debug_info .gnu.linkonce.wi.*)
 .debug_info    0x00000000      0x19d .\CortexM0\ARM_GCC_484\Debug\main.o
 .debug_info    0x0000019d       0xfd .\CortexM0\ARM_GCC_484\Debug\cymetadata.o
 .debug_info    0x0000029a      0x2ff .\CortexM0\ARM_GCC_484\Debug\Cm0Start.o
 .debug_info    0x00000599      0x454 .\CortexM0\ARM_GCC_484\Debug\Shifting.a(cyfitter_cfg.o)
 .debug_info    0x000009ed      0x500 .\CortexM0\ARM_GCC_484\Debug\Shifting.a(UART_1.o)
 .debug_info    0x00000eed      0x14d .\CortexM0\ARM_GCC_484\Debug\Shifting.a(UART_1_IntClock.o)
 .debug_info    0x0000103a       0x90 .\CortexM0\ARM_GCC_484\Debug\Shifting.a(CyBootAsmGnu.o)
 .debug_info    0x000010ca      0xc5b .\CortexM0\ARM_GCC_484\Debug\Shifting.a(CyLib.o)
 .debug_info    0x00001d25      0x241 .\CortexM0\ARM_GCC_484\Debug\Shifting.a(isr_1.o)

.debug_abbrev   0x00000000      0xa1f
 *(.debug_abbrev)
 .debug_abbrev  0x00000000       0xd3 .\CortexM0\ARM_GCC_484\Debug\main.o
 .debug_abbrev  0x000000d3       0x5d .\CortexM0\ARM_GCC_484\Debug\cymetadata.o
 .debug_abbrev  0x00000130      0x1b4 .\CortexM0\ARM_GCC_484\Debug\Cm0Start.o
 .debug_abbrev  0x000002e4      0x193 .\CortexM0\ARM_GCC_484\Debug\Shifting.a(cyfitter_cfg.o)
 .debug_abbrev  0x00000477      0x170 .\CortexM0\ARM_GCC_484\Debug\Shifting.a(UART_1.o)
 .debug_abbrev  0x000005e7       0xb5 .\CortexM0\ARM_GCC_484\Debug\Shifting.a(UART_1_IntClock.o)
 .debug_abbrev  0x0000069c       0x14 .\CortexM0\ARM_GCC_484\Debug\Shifting.a(CyBootAsmGnu.o)
 .debug_abbrev  0x000006b0      0x207 .\CortexM0\ARM_GCC_484\Debug\Shifting.a(CyLib.o)
 .debug_abbrev  0x000008b7      0x168 .\CortexM0\ARM_GCC_484\Debug\Shifting.a(isr_1.o)

.debug_line     0x00000000     0x1187
 *(.debug_line)
 .debug_line    0x00000000      0x173 .\CortexM0\ARM_GCC_484\Debug\main.o
 .debug_line    0x00000173       0x53 .\CortexM0\ARM_GCC_484\Debug\cymetadata.o
 .debug_line    0x000001c6      0x1bb .\CortexM0\ARM_GCC_484\Debug\Cm0Start.o
 .debug_line    0x00000381      0x1ad .\CortexM0\ARM_GCC_484\Debug\Shifting.a(cyfitter_cfg.o)
 .debug_line    0x0000052e      0x2f1 .\CortexM0\ARM_GCC_484\Debug\Shifting.a(UART_1.o)
 .debug_line    0x0000081f       0xb8 .\CortexM0\ARM_GCC_484\Debug\Shifting.a(UART_1_IntClock.o)
 .debug_line    0x000008d7       0x69 .\CortexM0\ARM_GCC_484\Debug\Shifting.a(CyBootAsmGnu.o)
 .debug_line    0x00000940      0x703 .\CortexM0\ARM_GCC_484\Debug\Shifting.a(CyLib.o)
 .debug_line    0x00001043      0x144 .\CortexM0\ARM_GCC_484\Debug\Shifting.a(isr_1.o)

.debug_frame    0x00000000     0x10fc
 *(.debug_frame)
 .debug_frame   0x00000000       0x50 .\CortexM0\ARM_GCC_484\Debug\main.o
 .debug_frame   0x00000050       0xc8 .\CortexM0\ARM_GCC_484\Debug\Cm0Start.o
 .debug_frame   0x00000118      0x108 .\CortexM0\ARM_GCC_484\Debug\Shifting.a(cyfitter_cfg.o)
 .debug_frame   0x00000220      0x374 .\CortexM0\ARM_GCC_484\Debug\Shifting.a(UART_1.o)
 .debug_frame   0x00000594       0xa0 .\CortexM0\ARM_GCC_484\Debug\Shifting.a(UART_1_IntClock.o)
 .debug_frame   0x00000634      0x83c .\CortexM0\ARM_GCC_484\Debug\Shifting.a(CyLib.o)
 .debug_frame   0x00000e70      0x190 .\CortexM0\ARM_GCC_484\Debug\Shifting.a(isr_1.o)
 .debug_frame   0x00001000       0x20 e:/program files (x86)/cypress/psoc creator/3.1/psoc creator/import/gnu_cs/arm/4.8.4/bin/../lib/gcc/arm-none-eabi/4.8.4/armv6-m\libgcc.a(_udivsi3.o)
 .debug_frame   0x00001020       0x20 e:/program files (x86)/cypress/psoc creator/3.1/psoc creator/import/gnu_cs/arm/4.8.4/bin/../lib/gcc/arm-none-eabi/4.8.4/armv6-m\libgcc.a(_divsi3.o)
 .debug_frame   0x00001040       0x20 e:/program files (x86)/cypress/psoc creator/3.1/psoc creator/import/gnu_cs/arm/4.8.4/bin/../lib/gcc/arm-none-eabi/4.8.4/../../../../arm-none-eabi/lib/armv6-m\libg_s.a(lib_a-errno.o)
 .debug_frame   0x00001060       0x28 e:/program files (x86)/cypress/psoc creator/3.1/psoc creator/import/gnu_cs/arm/4.8.4/bin/../lib/gcc/arm-none-eabi/4.8.4/../../../../arm-none-eabi/lib/armv6-m\libg_s.a(lib_a-exit.o)
 .debug_frame   0x00001088       0x2c e:/program files (x86)/cypress/psoc creator/3.1/psoc creator/import/gnu_cs/arm/4.8.4/bin/../lib/gcc/arm-none-eabi/4.8.4/../../../../arm-none-eabi/lib/armv6-m\libg_s.a(lib_a-init.o)
 .debug_frame   0x000010b4       0x28 e:/program files (x86)/cypress/psoc creator/3.1/psoc creator/import/gnu_cs/arm/4.8.4/bin/../lib/gcc/arm-none-eabi/4.8.4/../../../../arm-none-eabi/lib/armv6-m\libg_s.a(lib_a-memcpy-stub.o)
 .debug_frame   0x000010dc       0x20 e:/program files (x86)/cypress/psoc creator/3.1/psoc creator/import/gnu_cs/arm/4.8.4/bin/../lib/gcc/arm-none-eabi/4.8.4/../../../../arm-none-eabi/lib/armv6-m\libg_s.a(lib_a-memset.o)

.debug_str      0x00000000     0x10b6
 *(.debug_str)
 .debug_str     0x00000000      0x1b4 .\CortexM0\ARM_GCC_484\Debug\main.o
                                0x1fa (size before relaxing)
 .debug_str     0x000001b4       0x61 .\CortexM0\ARM_GCC_484\Debug\cymetadata.o
                                0x1bc (size before relaxing)
 .debug_str     0x00000215      0x136 .\CortexM0\ARM_GCC_484\Debug\Cm0Start.o
                                0x2aa (size before relaxing)
 .debug_str     0x0000034b      0x1a6 .\CortexM0\ARM_GCC_484\Debug\Shifting.a(cyfitter_cfg.o)
                                0x34a (size before relaxing)
 .debug_str     0x000004f1      0x2b7 .\CortexM0\ARM_GCC_484\Debug\Shifting.a(UART_1.o)
                                0x43f (size before relaxing)
 .debug_str     0x000007a8       0xfb .\CortexM0\ARM_GCC_484\Debug\Shifting.a(UART_1_IntClock.o)
                                0x267 (size before relaxing)
 .debug_str     0x000008a3      0x71c .\CortexM0\ARM_GCC_484\Debug\Shifting.a(CyLib.o)
                                0x8c3 (size before relaxing)
 .debug_str     0x00000fbf       0xf7 .\CortexM0\ARM_GCC_484\Debug\Shifting.a(isr_1.o)
                                0x29f (size before relaxing)

.debug_loc
 *(.debug_loc)

.debug_macinfo
 *(.debug_macinfo)

.debug_ranges   0x00000000      0x438
 *(.debug_ranges)
 .debug_ranges  0x00000000       0x18 .\CortexM0\ARM_GCC_484\Debug\main.o
 .debug_ranges  0x00000018       0x38 .\CortexM0\ARM_GCC_484\Debug\Cm0Start.o
 .debug_ranges  0x00000050       0x48 .\CortexM0\ARM_GCC_484\Debug\Shifting.a(cyfitter_cfg.o)
 .debug_ranges  0x00000098       0xe0 .\CortexM0\ARM_GCC_484\Debug\Shifting.a(UART_1.o)
 .debug_ranges  0x00000178       0x30 .\CortexM0\ARM_GCC_484\Debug\Shifting.a(UART_1_IntClock.o)
 .debug_ranges  0x000001a8      0x220 .\CortexM0\ARM_GCC_484\Debug\Shifting.a(CyLib.o)
 .debug_ranges  0x000003c8       0x70 .\CortexM0\ARM_GCC_484\Debug\Shifting.a(isr_1.o)

.comment        0x00000000       0x70
 .comment       0x00000000       0x70 .\CortexM0\ARM_GCC_484\Debug\main.o
                                 0x71 (size before relaxing)
 .comment       0x00000000       0x71 .\CortexM0\ARM_GCC_484\Debug\cymetadata.o
 .comment       0x00000000       0x71 .\CortexM0\ARM_GCC_484\Debug\Cm0Start.o
 .comment       0x00000000       0x71 .\CortexM0\ARM_GCC_484\Debug\Shifting.a(cyfitter_cfg.o)
 .comment       0x00000000       0x71 .\CortexM0\ARM_GCC_484\Debug\Shifting.a(UART_1.o)
 .comment       0x00000000       0x71 .\CortexM0\ARM_GCC_484\Debug\Shifting.a(UART_1_IntClock.o)
 .comment       0x00000000       0x71 .\CortexM0\ARM_GCC_484\Debug\Shifting.a(CyLib.o)
 .comment       0x00000000       0x71 .\CortexM0\ARM_GCC_484\Debug\Shifting.a(isr_1.o)

.debug_weaknames
 *(.debug_weaknames)

.debug_funcnames
 *(.debug_funcnames)

.debug_typenames
 *(.debug_typenames)

.debug_varnames
 *(.debug_varnames)

.note.gnu.arm.ident
 *(.note.gnu.arm.ident)

.ARM.attributes
                0x00000000       0x28
 *(.ARM.attributes)
 .ARM.attributes
                0x00000000       0x1e e:/program files (x86)/cypress/psoc creator/3.1/psoc creator/import/gnu_cs/arm/4.8.4/bin/../lib/gcc/arm-none-eabi/4.8.4/armv6-m/crti.o
 .ARM.attributes
                0x0000001e       0x2c e:/program files (x86)/cypress/psoc creator/3.1/psoc creator/import/gnu_cs/arm/4.8.4/bin/../lib/gcc/arm-none-eabi/4.8.4/armv6-m/crtbegin.o
 .ARM.attributes
                0x0000004a       0x1b e:/program files (x86)/cypress/psoc creator/3.1/psoc creator/import/gnu_cs/arm/4.8.4/bin/../lib/gcc/arm-none-eabi/4.8.4/../../../../arm-none-eabi/lib/armv6-m/crt0.o
 .ARM.attributes
                0x00000065       0x31 .\CortexM0\ARM_GCC_484\Debug\main.o
 .ARM.attributes
                0x00000096       0x31 .\CortexM0\ARM_GCC_484\Debug\cymetadata.o
 .ARM.attributes
                0x000000c7       0x31 .\CortexM0\ARM_GCC_484\Debug\Cm0Start.o
 .ARM.attributes
                0x000000f8       0x31 .\CortexM0\ARM_GCC_484\Debug\Shifting.a(cyfitter_cfg.o)
 .ARM.attributes
                0x00000129       0x31 .\CortexM0\ARM_GCC_484\Debug\Shifting.a(UART_1.o)
 .ARM.attributes
                0x0000015a       0x31 .\CortexM0\ARM_GCC_484\Debug\Shifting.a(UART_1_IntClock.o)
 .ARM.attributes
                0x0000018b       0x21 .\CortexM0\ARM_GCC_484\Debug\Shifting.a(CyBootAsmGnu.o)
 .ARM.attributes
                0x000001ac       0x31 .\CortexM0\ARM_GCC_484\Debug\Shifting.a(CyLib.o)
 .ARM.attributes
                0x000001dd       0x31 .\CortexM0\ARM_GCC_484\Debug\Shifting.a(isr_1.o)
 .ARM.attributes
                0x0000020e       0x1e e:/program files (x86)/cypress/psoc creator/3.1/psoc creator/import/gnu_cs/arm/4.8.4/bin/../lib/gcc/arm-none-eabi/4.8.4/armv6-m\libgcc.a(_udivsi3.o)
 .ARM.attributes
                0x0000022c       0x1e e:/program files (x86)/cypress/psoc creator/3.1/psoc creator/import/gnu_cs/arm/4.8.4/bin/../lib/gcc/arm-none-eabi/4.8.4/armv6-m\libgcc.a(_divsi3.o)
 .ARM.attributes
                0x0000024a       0x1e e:/program files (x86)/cypress/psoc creator/3.1/psoc creator/import/gnu_cs/arm/4.8.4/bin/../lib/gcc/arm-none-eabi/4.8.4/armv6-m\libgcc.a(_dvmd_tls.o)
 .ARM.attributes
                0x00000268       0x2c e:/program files (x86)/cypress/psoc creator/3.1/psoc creator/import/gnu_cs/arm/4.8.4/bin/../lib/gcc/arm-none-eabi/4.8.4/../../../../arm-none-eabi/lib/armv6-m\libg_s.a(lib_a-errno.o)
 .ARM.attributes
                0x00000294       0x2c e:/program files (x86)/cypress/psoc creator/3.1/psoc creator/import/gnu_cs/arm/4.8.4/bin/../lib/gcc/arm-none-eabi/4.8.4/../../../../arm-none-eabi/lib/armv6-m\libg_s.a(lib_a-exit.o)
 .ARM.attributes
                0x000002c0       0x2c e:/program files (x86)/cypress/psoc creator/3.1/psoc creator/import/gnu_cs/arm/4.8.4/bin/../lib/gcc/arm-none-eabi/4.8.4/../../../../arm-none-eabi/lib/armv6-m\libg_s.a(lib_a-impure.o)
 .ARM.attributes
                0x000002ec       0x2c e:/program files (x86)/cypress/psoc creator/3.1/psoc creator/import/gnu_cs/arm/4.8.4/bin/../lib/gcc/arm-none-eabi/4.8.4/../../../../arm-none-eabi/lib/armv6-m\libg_s.a(lib_a-init.o)
 .ARM.attributes
                0x00000318       0x2c e:/program files (x86)/cypress/psoc creator/3.1/psoc creator/import/gnu_cs/arm/4.8.4/bin/../lib/gcc/arm-none-eabi/4.8.4/../../../../arm-none-eabi/lib/armv6-m\libg_s.a(lib_a-memcpy-stub.o)
 .ARM.attributes
                0x00000344       0x2c e:/program files (x86)/cypress/psoc creator/3.1/psoc creator/import/gnu_cs/arm/4.8.4/bin/../lib/gcc/arm-none-eabi/4.8.4/../../../../arm-none-eabi/lib/armv6-m\libg_s.a(lib_a-memset.o)
 .ARM.attributes
                0x00000370       0x2c e:/program files (x86)/cypress/psoc creator/3.1/psoc creator/import/gnu_cs/arm/4.8.4/bin/../lib/gcc/arm-none-eabi/4.8.4/armv6-m/crtend.o
 .ARM.attributes
                0x0000039c       0x1e e:/program files (x86)/cypress/psoc creator/3.1/psoc creator/import/gnu_cs/arm/4.8.4/bin/../lib/gcc/arm-none-eabi/4.8.4/armv6-m/crtn.o

/DISCARD/
 *(.note.GNU-stack)
OUTPUT(.\CortexM0\ARM_GCC_484\Debug\Shifting.elf elf32-littlearm)
